[3.644s] Invoking command in '/home/kazaki/enae450-s26/final competition/enae450-final-competition/final-comp': PYTHONPATH=/home/kazaki/enae450-s26/final competition/enae450-final-competition/final-comp/build/final-comp/prefix_override:/usr/lib/python3/dist-packages/colcon_core/task/python/colcon_distutils_commands:/home/kazaki/enae450-s26/final competition/enae450-final-competition/final-comp/install/final-comp/lib/python3.12/site-packages:${PYTHONPATH} /usr/bin/python3 -W ignore:setup.py install is deprecated -W ignore:easy_install command is deprecated setup.py egg_info --egg-base build/final-comp build --build-base /home/kazaki/enae450-s26/final competition/enae450-final-competition/final-comp/build/final-comp/build install --record /home/kazaki/enae450-s26/final competition/enae450-final-competition/final-comp/build/final-comp/install.log --single-version-externally-managed install_data
[4.994s] running egg_info
[5.119s] writing build/final-comp/final_comp.egg-info/PKG-INFO
[5.119s] writing dependency_links to build/final-comp/final_comp.egg-info/dependency_links.txt
[5.120s] writing entry points to build/final-comp/final_comp.egg-info/entry_points.txt
[5.120s] writing requirements to build/final-comp/final_comp.egg-info/requires.txt
[5.121s] writing top-level names to build/final-comp/final_comp.egg-info/top_level.txt
[5.326s] reading manifest file 'build/final-comp/final_comp.egg-info/SOURCES.txt'
[5.330s] writing manifest file 'build/final-comp/final_comp.egg-info/SOURCES.txt'
[5.330s] running build
[5.331s] running build_py
[5.333s] running install
[5.362s] running install_lib
[5.478s] running install_data
[5.479s] running install_egg_info
[5.553s] removing '/home/kazaki/enae450-s26/final competition/enae450-final-competition/final-comp/install/final-comp/lib/python3.12/site-packages/final_comp-0.0.0-py3.12.egg-info' (and everything under it)
[5.559s] Copying build/final-comp/final_comp.egg-info to /home/kazaki/enae450-s26/final competition/enae450-final-competition/final-comp/install/final-comp/lib/python3.12/site-packages/final_comp-0.0.0-py3.12.egg-info
[5.559s] running install_scripts
[6.063s] Installing bag_cmd_vel_player script to /home/kazaki/enae450-s26/final competition/enae450-final-competition/final-comp/install/final-comp/lib/final-comp
[6.066s] Installing maze_solver script to /home/kazaki/enae450-s26/final competition/enae450-final-competition/final-comp/install/final-comp/lib/final-comp
[6.073s] Installing move_robot script to /home/kazaki/enae450-s26/final competition/enae450-final-competition/final-comp/install/final-comp/lib/final-comp
[6.074s] Installing right_hand_solver script to /home/kazaki/enae450-s26/final competition/enae450-final-competition/final-comp/install/final-comp/lib/final-comp
[6.075s] Installing slam_auto_viewer script to /home/kazaki/enae450-s26/final competition/enae450-final-competition/final-comp/install/final-comp/lib/final-comp
[6.076s] Installing slam_launch script to /home/kazaki/enae450-s26/final competition/enae450-final-competition/final-comp/install/final-comp/lib/final-comp
[6.076s] Installing slam_map_viewer script to /home/kazaki/enae450-s26/final competition/enae450-final-competition/final-comp/install/final-comp/lib/final-comp
[6.076s] Installing teleop script to /home/kazaki/enae450-s26/final competition/enae450-final-competition/final-comp/install/final-comp/lib/final-comp
[6.076s] Installing view_map script to /home/kazaki/enae450-s26/final competition/enae450-final-competition/final-comp/install/final-comp/lib/final-comp
[6.076s] writing list of installed files to '/home/kazaki/enae450-s26/final competition/enae450-final-competition/final-comp/build/final-comp/install.log'
[6.229s] Invoked command in '/home/kazaki/enae450-s26/final competition/enae450-final-competition/final-comp' returned '0': PYTHONPATH=/home/kazaki/enae450-s26/final competition/enae450-final-competition/final-comp/build/final-comp/prefix_override:/usr/lib/python3/dist-packages/colcon_core/task/python/colcon_distutils_commands:/home/kazaki/enae450-s26/final competition/enae450-final-competition/final-comp/install/final-comp/lib/python3.12/site-packages:${PYTHONPATH} /usr/bin/python3 -W ignore:setup.py install is deprecated -W ignore:easy_install command is deprecated setup.py egg_info --egg-base build/final-comp build --build-base /home/kazaki/enae450-s26/final competition/enae450-final-competition/final-comp/build/final-comp/build install --record /home/kazaki/enae450-s26/final competition/enae450-final-competition/final-comp/build/final-comp/install.log --single-version-externally-managed install_data
