[1.218s] Invoking command in '/home/kazaki/enae450-s26/final competition/enae450-final-competition/final-comp': PYTHONPATH=/home/kazaki/enae450-s26/final competition/enae450-final-competition/final-comp/build/final-comp/prefix_override:/usr/lib/python3/dist-packages/colcon_core/task/python/colcon_distutils_commands:/home/kazaki/enae450-s26/final competition/enae450-final-competition/final-comp/install/final-comp/lib/python3.12/site-packages:${PYTHONPATH} /usr/bin/python3 -W ignore:setup.py install is deprecated -W ignore:easy_install command is deprecated setup.py egg_info --egg-base build/final-comp build --build-base /home/kazaki/enae450-s26/final competition/enae450-final-competition/final-comp/build/final-comp/build install --record /home/kazaki/enae450-s26/final competition/enae450-final-competition/final-comp/build/final-comp/install.log --single-version-externally-managed install_data
[1.608s] running egg_info
[1.637s] writing build/final-comp/final_comp.egg-info/PKG-INFO
[1.637s] writing dependency_links to build/final-comp/final_comp.egg-info/dependency_links.txt
[1.638s] writing entry points to build/final-comp/final_comp.egg-info/entry_points.txt
[1.638s] writing requirements to build/final-comp/final_comp.egg-info/requires.txt
[1.638s] writing top-level names to build/final-comp/final_comp.egg-info/top_level.txt
[1.697s] reading manifest file 'build/final-comp/final_comp.egg-info/SOURCES.txt'
[1.698s] writing manifest file 'build/final-comp/final_comp.egg-info/SOURCES.txt'
[1.698s] running build
[1.698s] running build_py
[1.699s] copying src/bag_cmd_vel_player.py -> /home/kazaki/enae450-s26/final competition/enae450-final-competition/final-comp/build/final-comp/build/lib/src
[1.700s] running install
[1.709s] running install_lib
[1.741s] copying /home/kazaki/enae450-s26/final competition/enae450-final-competition/final-comp/build/final-comp/build/lib/src/bag_cmd_vel_player.py -> /home/kazaki/enae450-s26/final competition/enae450-final-competition/final-comp/install/final-comp/lib/python3.12/site-packages/src
[1.743s] byte-compiling /home/kazaki/enae450-s26/final competition/enae450-final-competition/final-comp/install/final-comp/lib/python3.12/site-packages/src/bag_cmd_vel_player.py to bag_cmd_vel_player.cpython-312.pyc
[1.750s] running install_data
[1.750s] running install_egg_info
[1.782s] removing '/home/kazaki/enae450-s26/final competition/enae450-final-competition/final-comp/install/final-comp/lib/python3.12/site-packages/final_comp-0.0.0-py3.12.egg-info' (and everything under it)
[1.783s] Copying build/final-comp/final_comp.egg-info to /home/kazaki/enae450-s26/final competition/enae450-final-competition/final-comp/install/final-comp/lib/python3.12/site-packages/final_comp-0.0.0-py3.12.egg-info
[1.785s] running install_scripts
[1.979s] Installing bag_cmd_vel_player script to /home/kazaki/enae450-s26/final competition/enae450-final-competition/final-comp/install/final-comp/lib/final-comp
[1.980s] Installing maze_solver script to /home/kazaki/enae450-s26/final competition/enae450-final-competition/final-comp/install/final-comp/lib/final-comp
[1.980s] Installing metric_c_bag_recorder script to /home/kazaki/enae450-s26/final competition/enae450-final-competition/final-comp/install/final-comp/lib/final-comp
[1.980s] Installing metric_c_plotter script to /home/kazaki/enae450-s26/final competition/enae450-final-competition/final-comp/install/final-comp/lib/final-comp
[1.981s] Installing move_robot script to /home/kazaki/enae450-s26/final competition/enae450-final-competition/final-comp/install/final-comp/lib/final-comp
[1.981s] Installing right_hand_solver script to /home/kazaki/enae450-s26/final competition/enae450-final-competition/final-comp/install/final-comp/lib/final-comp
[1.981s] Installing slam_auto_viewer script to /home/kazaki/enae450-s26/final competition/enae450-final-competition/final-comp/install/final-comp/lib/final-comp
[1.981s] Installing slam_launch script to /home/kazaki/enae450-s26/final competition/enae450-final-competition/final-comp/install/final-comp/lib/final-comp
[1.981s] Installing slam_map_viewer script to /home/kazaki/enae450-s26/final competition/enae450-final-competition/final-comp/install/final-comp/lib/final-comp
[1.982s] Installing teleop script to /home/kazaki/enae450-s26/final competition/enae450-final-competition/final-comp/install/final-comp/lib/final-comp
[1.982s] Installing view_map script to /home/kazaki/enae450-s26/final competition/enae450-final-competition/final-comp/install/final-comp/lib/final-comp
[1.982s] writing list of installed files to '/home/kazaki/enae450-s26/final competition/enae450-final-competition/final-comp/build/final-comp/install.log'
[2.016s] Invoked command in '/home/kazaki/enae450-s26/final competition/enae450-final-competition/final-comp' returned '0': PYTHONPATH=/home/kazaki/enae450-s26/final competition/enae450-final-competition/final-comp/build/final-comp/prefix_override:/usr/lib/python3/dist-packages/colcon_core/task/python/colcon_distutils_commands:/home/kazaki/enae450-s26/final competition/enae450-final-competition/final-comp/install/final-comp/lib/python3.12/site-packages:${PYTHONPATH} /usr/bin/python3 -W ignore:setup.py install is deprecated -W ignore:easy_install command is deprecated setup.py egg_info --egg-base build/final-comp build --build-base /home/kazaki/enae450-s26/final competition/enae450-final-competition/final-comp/build/final-comp/build install --record /home/kazaki/enae450-s26/final competition/enae450-final-competition/final-comp/build/final-comp/install.log --single-version-externally-managed install_data
