running develop
running egg_info
writing final_comp.egg-info/PKG-INFO
writing dependency_links to final_comp.egg-info/dependency_links.txt
writing entry points to final_comp.egg-info/entry_points.txt
writing requirements to final_comp.egg-info/requires.txt
writing top-level names to final_comp.egg-info/top_level.txt
reading manifest file 'final_comp.egg-info/SOURCES.txt'
writing manifest file 'final_comp.egg-info/SOURCES.txt'
running build_ext
Creating /home/kazaki/enae450-s26/final competition/enae450-final-competition/final-comp/install/final-comp/lib/python3.12/site-packages/final-comp.egg-link (link to .)
Installing maze_solver script to /home/kazaki/enae450-s26/final competition/enae450-final-competition/final-comp/install/final-comp/lib/final-comp
Installing move_robot script to /home/kazaki/enae450-s26/final competition/enae450-final-competition/final-comp/install/final-comp/lib/final-comp
Installing right_hand_solver script to /home/kazaki/enae450-s26/final competition/enae450-final-competition/final-comp/install/final-comp/lib/final-comp
Installing slam_auto_viewer script to /home/kazaki/enae450-s26/final competition/enae450-final-competition/final-comp/install/final-comp/lib/final-comp
Installing slam_launch script to /home/kazaki/enae450-s26/final competition/enae450-final-competition/final-comp/install/final-comp/lib/final-comp
Installing slam_map_viewer script to /home/kazaki/enae450-s26/final competition/enae450-final-competition/final-comp/install/final-comp/lib/final-comp
Installing view_map script to /home/kazaki/enae450-s26/final competition/enae450-final-competition/final-comp/install/final-comp/lib/final-comp

Installed /home/kazaki/enae450-s26/final competition/enae450-final-competition/final-comp/build/final-comp
running symlink_data
symbolically linking /home/kazaki/enae450-s26/final competition/enae450-final-competition/final-comp/build/final-comp/resource/final-comp -> /home/kazaki/enae450-s26/final competition/enae450-final-competition/final-comp/install/final-comp/share/ament_index/resource_index/packages
symbolically linking /home/kazaki/enae450-s26/final competition/enae450-final-competition/final-comp/build/final-comp/package.xml -> /home/kazaki/enae450-s26/final competition/enae450-final-competition/final-comp/install/final-comp/share/final-comp
symbolically linking /home/kazaki/enae450-s26/final competition/enae450-final-competition/final-comp/build/final-comp/launch/slam_launch.py -> /home/kazaki/enae450-s26/final competition/enae450-final-competition/final-comp/install/final-comp/share/final-comp/launch
