[1.199s] Invoking command in '/home/kazaki/enae450-s26/final competition/enae450-final-competition/final-comp/build/final-comp': PYTHONPATH=/home/kazaki/enae450-s26/final competition/enae450-final-competition/final-comp/build/final-comp/prefix_override:/usr/lib/python3/dist-packages/colcon_core/task/python/colcon_distutils_commands:/home/kazaki/enae450-s26/final competition/enae450-final-competition/final-comp/install/final-comp/lib/python3.12/site-packages:${PYTHONPATH} /usr/bin/python3 -W ignore:setup.py install is deprecated -W ignore:easy_install command is deprecated setup.py develop --editable --build-directory /home/kazaki/enae450-s26/final competition/enae450-final-competition/final-comp/build/final-comp/build --no-deps symlink_data --force
[1.682s] running develop
[1.979s] running egg_info
[2.007s] writing final_comp.egg-info/PKG-INFO
[2.008s] writing dependency_links to final_comp.egg-info/dependency_links.txt
[2.008s] writing entry points to final_comp.egg-info/entry_points.txt
[2.008s] writing requirements to final_comp.egg-info/requires.txt
[2.009s] writing top-level names to final_comp.egg-info/top_level.txt
[2.069s] reading manifest file 'final_comp.egg-info/SOURCES.txt'
[2.070s] writing manifest file 'final_comp.egg-info/SOURCES.txt'
[2.100s] running build_ext
[2.100s] Creating /home/kazaki/enae450-s26/final competition/enae450-final-competition/final-comp/install/final-comp/lib/python3.12/site-packages/final-comp.egg-link (link to .)
[2.101s] Installing maze_solver script to /home/kazaki/enae450-s26/final competition/enae450-final-competition/final-comp/install/final-comp/lib/final-comp
[2.102s] Installing move_robot script to /home/kazaki/enae450-s26/final competition/enae450-final-competition/final-comp/install/final-comp/lib/final-comp
[2.102s] Installing right_hand_solver script to /home/kazaki/enae450-s26/final competition/enae450-final-competition/final-comp/install/final-comp/lib/final-comp
[2.103s] Installing slam_auto_viewer script to /home/kazaki/enae450-s26/final competition/enae450-final-competition/final-comp/install/final-comp/lib/final-comp
[2.103s] Installing slam_launch script to /home/kazaki/enae450-s26/final competition/enae450-final-competition/final-comp/install/final-comp/lib/final-comp
[2.103s] Installing slam_map_viewer script to /home/kazaki/enae450-s26/final competition/enae450-final-competition/final-comp/install/final-comp/lib/final-comp
[2.104s] Installing view_map script to /home/kazaki/enae450-s26/final competition/enae450-final-competition/final-comp/install/final-comp/lib/final-comp
[2.104s] 
[2.104s] Installed /home/kazaki/enae450-s26/final competition/enae450-final-competition/final-comp/build/final-comp
[2.104s] running symlink_data
[2.105s] symbolically linking /home/kazaki/enae450-s26/final competition/enae450-final-competition/final-comp/build/final-comp/resource/final-comp -> /home/kazaki/enae450-s26/final competition/enae450-final-competition/final-comp/install/final-comp/share/ament_index/resource_index/packages
[2.106s] symbolically linking /home/kazaki/enae450-s26/final competition/enae450-final-competition/final-comp/build/final-comp/package.xml -> /home/kazaki/enae450-s26/final competition/enae450-final-competition/final-comp/install/final-comp/share/final-comp
[2.106s] symbolically linking /home/kazaki/enae450-s26/final competition/enae450-final-competition/final-comp/build/final-comp/launch/slam_launch.py -> /home/kazaki/enae450-s26/final competition/enae450-final-competition/final-comp/install/final-comp/share/final-comp/launch
[2.151s] Invoked command in '/home/kazaki/enae450-s26/final competition/enae450-final-competition/final-comp/build/final-comp' returned '0': PYTHONPATH=/home/kazaki/enae450-s26/final competition/enae450-final-competition/final-comp/build/final-comp/prefix_override:/usr/lib/python3/dist-packages/colcon_core/task/python/colcon_distutils_commands:/home/kazaki/enae450-s26/final competition/enae450-final-competition/final-comp/install/final-comp/lib/python3.12/site-packages:${PYTHONPATH} /usr/bin/python3 -W ignore:setup.py install is deprecated -W ignore:easy_install command is deprecated setup.py develop --editable --build-directory /home/kazaki/enae450-s26/final competition/enae450-final-competition/final-comp/build/final-comp/build --no-deps symlink_data --force
